'Gasoline.assignment_to_fraction' depends on axioms: [propext, Classical.choice, Quot.sound]
'Gasoline.fraction_to_assignment' depends on axioms: [propext, Classical.choice, Quot.sound]
'Gasoline.normalization' depends on axioms: [propext, Classical.choice, Quot.sound]
'Gasoline.reach_iff' depends on axioms: [propext, Classical.choice, Quot.sound]
'Gasoline.prefix_lower' depends on axioms: [propext, Classical.choice, Quot.sound]
'Gasoline.prefix_attained' depends on axioms: [propext, Classical.choice, Quot.sound]
'Gasoline.Integer.score_formula' depends on axioms: [propext, Quot.sound]
'Gasoline.Integer.approximation' depends on axioms: [propext, Classical.choice, Quot.sound]
'Gasoline.Integer.compared_to_schedule' depends on axioms: [propext, Classical.choice, Quot.sound]
'Gasoline.Integer.ratio_bound' depends on axioms: [propext, Classical.choice, Quot.sound]
'Gasoline.Integer.run_realizable' depends on axioms: [propext, Quot.sound]
'Gasoline.Integer.exact_ratio_witness' depends on axioms: [propext, Classical.choice, Quot.sound]
'Gasoline.assignment_delivery' depends on axioms: [propext, Classical.choice, Quot.sound]
'Gasoline.Integer.sharp_lp_run' depends on axioms: [propext, Classical.choice, Quot.sound]
'Gasoline.matrixBand_iff_band' depends on axioms: [propext, Classical.choice, Quot.sound]
'Gasoline.matrixLP_value' depends on axioms: [propext, Classical.choice, Quot.sound]
'Gasoline.Integer.ValidPrefix.lp_value' depends on axioms: [propext, Classical.choice, Quot.sound]
'Gasoline.Integer.small_choice_iff' depends on axioms: [propext, Classical.choice, Quot.sound]
'Gasoline.Integer.large_choice_iff' depends on axioms: [propext, Classical.choice, Quot.sound]
'Gasoline.Integer.run_iff_algorithm1' depends on axioms: [propext, Classical.choice, Quot.sound]
'Gasoline.Integer.algorithm1_additive_guarantee' depends on axioms: [propext, Classical.choice, Quot.sound]
'Gasoline.Integer.algorithm1_ratio_bound' depends on axioms: [propext, Classical.choice, Quot.sound]
'Gasoline.Integer.algorithm1_two_approximation' depends on axioms: [propext, Classical.choice, Quot.sound]
'Gasoline.Integer.algorithm1_exists' depends on axioms: [propext, Classical.choice, Quot.sound]
